[2019-03-21T10:37:45.398+0800][1.013s] Using Concurrent Mark Sweep
[2019-03-21T10:37:45.399+0800][1.014s] Heap address: 0x00000000e0000000, size: 512 MB, Compressed Oops mode: 32-bit
[2019-03-21T10:38:15.725+0800][31.339s] GC(0) Pause Initial Mark
[2019-03-21T10:38:15.784+0800][31.399s] GC(0) Pause Initial Mark 77M->77M(490M) 59.306ms
[2019-03-21T10:38:15.784+0800][31.399s] GC(0) User=0.02s Sys=0.00s Real=0.06s
[2019-03-21T10:38:15.784+0800][31.399s] GC(0) Concurrent Mark
[2019-03-21T10:38:15.784+0800][31.399s] GC(0) Using 4 workers of 4 for marking
[2019-03-21T10:38:15.798+0800][31.413s] GC(0) Concurrent Mark 14.429ms
[2019-03-21T10:38:15.798+0800][31.413s] GC(0) User=0.06s Sys=0.00s Real=0.01s
[2019-03-21T10:38:15.798+0800][31.413s] GC(0) Concurrent Preclean
[2019-03-21T10:38:15.800+0800][31.415s] GC(0) Concurrent Preclean 1.174ms
[2019-03-21T10:38:15.800+0800][31.415s] GC(0) User=0.00s Sys=0.00s Real=0.00s
[2019-03-21T10:38:15.800+0800][31.415s] GC(0) Concurrent Abortable Preclean
[2019-03-21T10:38:16.005+0800][31.619s] GC(1) Pause Young (Allocation Failure)
[2019-03-21T10:38:16.005+0800][31.619s] GC(1) Using 4 workers of 4 for evacuation
[2019-03-21T10:38:16.021+0800][31.636s] GC(1) ParNew: 87424K->9264K(109248K)
[2019-03-21T10:38:16.021+0800][31.636s] GC(1) CMS: 0K->0K(393216K)
[2019-03-21T10:38:16.021+0800][31.636s] GC(1) Metaspace: 22834K->22834K(1071104K)
[2019-03-21T10:38:16.021+0800][31.636s] GC(1) Pause Young (Allocation Failure) 85M->9M(490M) 16.440ms
[2019-03-21T10:38:16.021+0800][31.636s] GC(1) User=0.06s Sys=0.00s Real=0.02s
[2019-03-21T10:38:21.942+0800][37.557s] GC(0) Concurrent Abortable Preclean 6142.171ms
[2019-03-21T10:38:21.943+0800][37.557s] GC(0) User=3.50s Sys=0.25s Real=6.14s
[2019-03-21T10:38:22.068+0800][37.682s] GC(0) Pause Remark
[2019-03-21T10:38:22.068+0800][37.682s] GC(2) Pause Young (CMS Final Remark)
[2019-03-21T10:38:22.068+0800][37.682s] GC(2) Using 4 workers of 4 for evacuation
[2019-03-21T10:38:22.080+0800][37.694s] GC(2) ParNew: 34432K->13748K(109248K)
[2019-03-21T10:38:22.080+0800][37.694s] GC(2) CMS: 0K->0K(393216K)
[2019-03-21T10:38:22.080+0800][37.694s] GC(2) Metaspace: 25531K->25531K(1073152K)
[2019-03-21T10:38:22.080+0800][37.694s] GC(2) Pause Young (CMS Final Remark) 33M->13M(490M) 12.258ms
[2019-03-21T10:38:22.080+0800][37.694s] GC(2) User=0.02s Sys=0.05s Real=0.01s
[2019-03-21T10:38:22.087+0800][37.702s] GC(0) Pause Remark 33M->13M(490M) 19.553ms
[2019-03-21T10:38:22.087+0800][37.702s] GC(0) User=0.02s Sys=0.05s Real=0.02s
[2019-03-21T10:38:22.087+0800][37.702s] GC(0) Concurrent Sweep
[2019-03-21T10:38:22.087+0800][37.702s] GC(0) Concurrent Sweep 0.036ms
[2019-03-21T10:38:22.087+0800][37.702s] GC(0) User=0.00s Sys=0.00s Real=0.00s
[2019-03-21T10:38:22.087+0800][37.702s] GC(0) Concurrent Reset
[2019-03-21T10:38:22.333+0800][37.947s] GC(0) Concurrent Reset 245.572ms
[2019-03-21T10:38:22.333+0800][37.948s] GC(0) User=0.05s Sys=0.02s Real=0.25s
[2019-03-21T10:38:22.333+0800][37.948s] GC(0) Old: 0K->0K(393216K)
[2019-03-21T10:38:37.599+0800][53.213s] GC(3) Pause Young (Allocation Failure)
[2019-03-21T10:38:37.599+0800][53.213s] GC(3) Using 4 workers of 4 for evacuation
[2019-03-21T10:38:37.618+0800][53.233s] GC(3) ParNew: 101168K->19183K(109248K)
[2019-03-21T10:38:37.618+0800][53.233s] GC(3) CMS: 0K->0K(393216K)
[2019-03-21T10:38:37.618+0800][53.233s] GC(3) Metaspace: 33313K->33313K(1079296K)
[2019-03-21T10:38:37.618+0800][53.233s] GC(3) Pause Young (Allocation Failure) 98M->18M(490M) 19.772ms
[2019-03-21T10:38:37.618+0800][53.233s] GC(3) User=0.06s Sys=0.00s Real=0.02s
[2019-03-21T10:38:58.340+0800][73.955s] GC(4) Pause Young (Allocation Failure)
[2019-03-21T10:38:58.340+0800][73.955s] GC(4) Using 4 workers of 4 for evacuation
[2019-03-21T10:38:58.361+0800][73.976s] GC(4) ParNew: 106607K->21824K(109248K)
[2019-03-21T10:38:58.361+0800][73.976s] GC(4) CMS: 0K->258K(393216K)
[2019-03-21T10:38:58.361+0800][73.976s] GC(4) Metaspace: 37794K->37794K(1083392K)
[2019-03-21T10:38:58.361+0800][73.976s] GC(4) Pause Young (Allocation Failure) 104M->21M(490M) 21.497ms
[2019-03-21T10:38:58.361+0800][73.976s] GC(4) User=0.06s Sys=0.00s Real=0.02s
[2019-03-21T10:39:01.976+0800][77.590s] GC(5) Pause Young (Allocation Failure)
[2019-03-21T10:39:01.976+0800][77.590s] GC(5) Using 4 workers of 4 for evacuation
[2019-03-21T10:39:02.000+0800][77.614s] GC(5) ParNew: 109248K->21824K(109248K)
[2019-03-21T10:39:02.000+0800][77.615s] GC(5) CMS: 258K->9479K(393216K)
[2019-03-21T10:39:02.000+0800][77.615s] GC(5) Metaspace: 38912K->38912K(1085440K)
[2019-03-21T10:39:02.000+0800][77.615s] GC(5) Pause Young (Allocation Failure) 106M->30M(490M) 24.260ms
[2019-03-21T10:39:02.000+0800][77.615s] GC(5) User=0.11s Sys=0.00s Real=0.02s
[2019-03-21T10:39:09.690+0800][85.305s] GC(6) Pause Young (Allocation Failure)
[2019-03-21T10:39:09.690+0800][85.305s] GC(6) Using 4 workers of 4 for evacuation
[2019-03-21T10:39:09.703+0800][85.317s] GC(6) ParNew: 109248K->14316K(109248K)
[2019-03-21T10:39:09.703+0800][85.317s] GC(6) CMS: 9479K->9479K(393216K)
[2019-03-21T10:39:09.703+0800][85.317s] GC(6) Metaspace: 42320K->42320K(1087488K)
[2019-03-21T10:39:09.703+0800][85.318s] GC(6) Pause Young (Allocation Failure) 115M->23M(490M) 12.812ms
[2019-03-21T10:39:09.703+0800][85.318s] GC(6) User=0.06s Sys=0.00s Real=0.01s
[2019-03-21T10:39:11.703+0800][87.318s] GC(7) Pause Initial Mark
[2019-03-21T10:39:11.711+0800][87.326s] GC(7) Pause Initial Mark 70M->70M(490M) 8.361ms
[2019-03-21T10:39:11.711+0800][87.326s] GC(7) User=0.00s Sys=0.00s Real=0.01s
[2019-03-21T10:39:11.711+0800][87.326s] GC(7) Concurrent Mark
[2019-03-21T10:39:11.711+0800][87.326s] GC(7) Using 4 workers of 4 for marking
[2019-03-21T10:39:11.717+0800][87.332s] GC(7) Concurrent Mark 6.151ms
[2019-03-21T10:39:11.717+0800][87.332s] GC(7) User=0.06s Sys=0.00s Real=0.01s
[2019-03-21T10:39:11.717+0800][87.332s] GC(7) Concurrent Preclean
[2019-03-21T10:39:11.718+0800][87.333s] GC(7) Concurrent Preclean 1.022ms
[2019-03-21T10:39:11.718+0800][87.333s] GC(7) User=0.00s Sys=0.00s Real=0.00s
[2019-03-21T10:39:11.718+0800][87.333s] GC(7) Concurrent Abortable Preclean
[2019-03-21T10:39:17.860+0800][93.475s] GC(7) Concurrent Abortable Preclean 6141.317ms
[2019-03-21T10:39:17.860+0800][93.475s] GC(7) User=3.42s Sys=0.06s Real=6.14s
[2019-03-21T10:39:17.860+0800][93.475s] GC(7) Pause Remark
[2019-03-21T10:39:17.860+0800][93.475s] GC(8) Pause Young (CMS Final Remark)
[2019-03-21T10:39:17.860+0800][93.475s] GC(8) Using 4 workers of 4 for evacuation
[2019-03-21T10:39:17.882+0800][93.497s] GC(8) ParNew: 101340K->21824K(109248K)
[2019-03-21T10:39:17.883+0800][93.497s] GC(8) CMS: 9479K->9879K(393216K)
[2019-03-21T10:39:17.883+0800][93.498s] GC(8) Metaspace: 47000K->47000K(1091584K)
[2019-03-21T10:39:17.883+0800][93.498s] GC(8) Pause Young (CMS Final Remark) 108M->30M(490M) 22.553ms
[2019-03-21T10:39:17.883+0800][93.498s] GC(8) User=0.06s Sys=0.00s Real=0.02s
[2019-03-21T10:39:17.902+0800][93.517s] GC(7) Pause Remark 108M->30M(490M) 42.271ms
[2019-03-21T10:39:17.902+0800][93.517s] GC(7) User=0.14s Sys=0.00s Real=0.04s
[2019-03-21T10:39:17.902+0800][93.517s] GC(7) Concurrent Sweep
[2019-03-21T10:39:17.907+0800][93.522s] GC(7) Concurrent Sweep 4.430ms
[2019-03-21T10:39:17.907+0800][93.522s] GC(7) User=0.00s Sys=0.00s Real=0.01s
[2019-03-21T10:39:17.907+0800][93.522s] GC(7) Concurrent Reset
[2019-03-21T10:39:17.908+0800][93.523s] GC(7) Concurrent Reset 0.915ms
[2019-03-21T10:39:17.908+0800][93.523s] GC(7) User=0.00s Sys=0.00s Real=0.00s
[2019-03-21T10:39:17.908+0800][93.523s] GC(7) Old: 9479K->9877K(393216K)
[2019-03-21T10:41:38.182+0800][233.797s] GC(9) Pause Young (Allocation Failure)
[2019-03-21T10:41:38.183+0800][233.797s] GC(9) Using 4 workers of 4 for evacuation
[2019-03-21T10:41:38.209+0800][233.824s] GC(9) ParNew: 109248K->21824K(109248K)
[2019-03-21T10:41:38.209+0800][233.824s] GC(9) CMS: 9877K->12898K(393216K)
[2019-03-21T10:41:38.209+0800][233.824s] GC(9) Metaspace: 48096K->48096K(1093632K)
[2019-03-21T10:41:38.209+0800][233.824s] GC(9) Pause Young (Allocation Failure) 116M->33M(490M) 26.923ms
[2019-03-21T10:41:38.209+0800][233.824s] GC(9) User=0.06s Sys=0.00s Real=0.03s
[2019-03-21T10:41:38.354+0800][233.969s] GC(10) Pause Young (Allocation Failure)
[2019-03-21T10:41:38.354+0800][233.969s] GC(10) Using 4 workers of 4 for evacuation
[2019-03-21T10:41:38.376+0800][233.991s] GC(10) ParNew: 109248K->21824K(109248K)
[2019-03-21T10:41:38.376+0800][233.991s] GC(10) CMS: 12898K->13652K(393216K)
[2019-03-21T10:41:38.376+0800][233.991s] GC(10) Metaspace: 48133K->48133K(1093632K)
[2019-03-21T10:41:38.376+0800][233.991s] GC(10) Pause Young (Allocation Failure) 119M->34M(490M) 22.011ms
[2019-03-21T10:41:38.376+0800][233.991s] GC(10) User=0.06s Sys=0.00s Real=0.02s
[2019-03-21T11:12:55.198+0800][2110.813s] GC(11) Pause Young (Allocation Failure)
[2019-03-21T11:12:55.198+0800][2110.813s] GC(11) Using 4 workers of 4 for evacuation
[2019-03-21T11:12:55.237+0800][2110.852s] GC(11) ParNew: 109248K->21824K(109248K)
[2019-03-21T11:12:55.238+0800][2110.852s] GC(11) CMS: 13652K->18948K(393216K)
[2019-03-21T11:12:55.238+0800][2110.852s] GC(11) Metaspace: 49549K->49549K(1093632K)
[2019-03-21T11:12:55.238+0800][2110.852s] GC(11) Pause Young (Allocation Failure) 120M->39M(490M) 39.420ms
[2019-03-21T11:12:55.238+0800][2110.852s] GC(11) User=0.13s Sys=0.00s Real=0.04s
[2019-03-21T12:53:43.327+0800][8158.942s] GC(12) Pause Young (Allocation Failure)
[2019-03-21T12:53:43.340+0800][8158.955s] GC(12) Using 4 workers of 4 for evacuation
[2019-03-21T12:53:43.370+0800][8158.985s] GC(12) ParNew: 109248K->21824K(109248K)
[2019-03-21T12:53:43.370+0800][8158.985s] GC(12) CMS: 18948K->23408K(393216K)
[2019-03-21T12:53:43.370+0800][8158.985s] GC(12) Metaspace: 51059K->51059K(1095680K)
[2019-03-21T12:53:43.370+0800][8158.985s] GC(12) Pause Young (Allocation Failure) 125M->44M(490M) 42.675ms
[2019-03-21T12:53:43.370+0800][8158.985s] GC(12) User=0.13s Sys=0.00s Real=0.04s
[2019-03-21T12:53:45.669+0800][8161.283s] GC(13) Pause Young (Allocation Failure)
[2019-03-21T12:53:45.669+0800][8161.283s] GC(13) Using 4 workers of 4 for evacuation
[2019-03-21T12:53:45.703+0800][8161.318s] GC(13) ParNew: 109248K->21824K(109248K)
[2019-03-21T12:53:45.703+0800][8161.318s] GC(13) CMS: 23408K->30356K(393216K)
[2019-03-21T12:53:45.703+0800][8161.318s] GC(13) Metaspace: 52296K->52296K(1097728K)
[2019-03-21T12:53:45.703+0800][8161.318s] GC(13) Pause Young (Allocation Failure) 129M->50M(490M) 34.367ms
[2019-03-21T12:53:45.703+0800][8161.318s] GC(13) User=0.13s Sys=0.00s Real=0.03s
[2019-03-21T12:53:46.801+0800][8162.416s] GC(14) Pause Young (Allocation Failure)
[2019-03-21T12:53:46.802+0800][8162.416s] GC(14) Using 4 workers of 4 for evacuation
[2019-03-21T12:53:46.830+0800][8162.445s] GC(14) ParNew: 109248K->21824K(109248K)
[2019-03-21T12:53:46.830+0800][8162.445s] GC(14) CMS: 30356K->39132K(393216K)
[2019-03-21T12:53:46.830+0800][8162.445s] GC(14) Metaspace: 52307K->52307K(1097728K)
[2019-03-21T12:53:46.830+0800][8162.445s] GC(14) Pause Young (Allocation Failure) 136M->59M(490M) 28.956ms
[2019-03-21T12:53:46.830+0800][8162.445s] GC(14) User=0.11s Sys=0.00s Real=0.03s
[2019-03-21T12:53:47.795+0800][8163.410s] GC(15) Pause Young (Allocation Failure)
[2019-03-21T12:53:47.795+0800][8163.410s] GC(15) Using 4 workers of 4 for evacuation
[2019-03-21T12:53:47.835+0800][8163.450s] GC(15) ParNew: 109248K->21824K(109248K)
[2019-03-21T12:53:47.835+0800][8163.450s] GC(15) CMS: 39132K->52056K(393216K)
[2019-03-21T12:53:47.835+0800][8163.450s] GC(15) Metaspace: 52308K->52308K(1097728K)
[2019-03-21T12:53:47.835+0800][8163.450s] GC(15) Pause Young (Allocation Failure) 144M->72M(490M) 40.310ms
[2019-03-21T12:53:47.835+0800][8163.450s] GC(15) User=0.09s Sys=0.00s Real=0.04s
[2019-03-21T12:53:48.600+0800][8164.215s] GC(16) Pause Young (Allocation Failure)
[2019-03-21T12:53:48.600+0800][8164.215s] GC(16) Using 4 workers of 4 for evacuation
[2019-03-21T12:53:48.622+0800][8164.236s] GC(16) ParNew: 109248K->21824K(109248K)
[2019-03-21T12:53:48.622+0800][8164.236s] GC(16) CMS: 52056K->64025K(393216K)
[2019-03-21T12:53:48.622+0800][8164.236s] GC(16) Metaspace: 52324K->52324K(1097728K)
[2019-03-21T12:53:48.622+0800][8164.236s] GC(16) Pause Young (Allocation Failure) 157M->83M(490M) 21.893ms
[2019-03-21T12:53:48.622+0800][8164.237s] GC(16) User=0.13s Sys=0.00s Real=0.02s
[2019-03-21T12:53:49.298+0800][8164.913s] GC(17) Pause Young (Allocation Failure)
[2019-03-21T12:53:49.298+0800][8164.913s] GC(17) Using 4 workers of 4 for evacuation
[2019-03-21T12:53:49.319+0800][8164.934s] GC(17) ParNew: 109248K->21824K(109248K)
[2019-03-21T12:53:49.319+0800][8164.934s] GC(17) CMS: 64025K->73403K(393216K)
[2019-03-21T12:53:49.319+0800][8164.934s] GC(17) Metaspace: 52324K->52324K(1097728K)
[2019-03-21T12:53:49.319+0800][8164.934s] GC(17) Pause Young (Allocation Failure) 169M->92M(490M) 21.193ms
[2019-03-21T12:53:49.319+0800][8164.934s] GC(17) User=0.05s Sys=0.02s Real=0.02s
[2019-03-21T12:53:50.075+0800][8165.690s] GC(18) Pause Young (Allocation Failure)
[2019-03-21T12:53:50.075+0800][8165.690s] GC(18) Using 4 workers of 4 for evacuation
[2019-03-21T12:53:50.106+0800][8165.721s] GC(18) ParNew: 109248K->21824K(109248K)
[2019-03-21T12:53:50.106+0800][8165.721s] GC(18) CMS: 73403K->88095K(393216K)
[2019-03-21T12:53:50.106+0800][8165.721s] GC(18) Metaspace: 52334K->52334K(1097728K)
[2019-03-21T12:53:50.106+0800][8165.721s] GC(18) Pause Young (Allocation Failure) 178M->107M(490M) 31.510ms
[2019-03-21T12:53:50.106+0800][8165.721s] GC(18) User=0.09s Sys=0.02s Real=0.03s
[2019-03-21T12:53:50.791+0800][8166.405s] GC(19) Pause Young (Allocation Failure)
[2019-03-21T12:53:50.791+0800][8166.405s] GC(19) Using 4 workers of 4 for evacuation
[2019-03-21T12:53:50.807+0800][8166.421s] GC(19) ParNew: 109248K->21824K(109248K)
[2019-03-21T12:53:50.807+0800][8166.421s] GC(19) CMS: 88095K->94315K(393216K)
[2019-03-21T12:53:50.807+0800][8166.421s] GC(19) Metaspace: 52334K->52334K(1097728K)
[2019-03-21T12:53:50.807+0800][8166.421s] GC(19) Pause Young (Allocation Failure) 192M->113M(490M) 16.223ms
[2019-03-21T12:53:50.807+0800][8166.421s] GC(19) User=0.02s Sys=0.00s Real=0.02s
[2019-03-21T12:53:51.475+0800][8167.090s] GC(20) Pause Young (Allocation Failure)
[2019-03-21T12:53:51.475+0800][8167.090s] GC(20) Using 4 workers of 4 for evacuation
[2019-03-21T12:53:51.497+0800][8167.112s] GC(20) ParNew: 109248K->21824K(109248K)
[2019-03-21T12:53:51.497+0800][8167.112s] GC(20) CMS: 94315K->102379K(393216K)
[2019-03-21T12:53:51.497+0800][8167.112s] GC(20) Metaspace: 52335K->52335K(1097728K)
[2019-03-21T12:53:51.497+0800][8167.112s] GC(20) Pause Young (Allocation Failure) 198M->121M(490M) 21.632ms
[2019-03-21T12:53:51.497+0800][8167.112s] GC(20) User=0.09s Sys=0.02s Real=0.02s
[2019-03-21T12:53:53.638+0800][8169.253s] GC(21) Pause Young (Allocation Failure)
[2019-03-21T12:53:53.639+0800][8169.253s] GC(21) Using 4 workers of 4 for evacuation
[2019-03-21T12:53:53.656+0800][8169.270s] GC(21) ParNew: 109248K->21824K(109248K)
[2019-03-21T12:53:53.656+0800][8169.270s] GC(21) CMS: 102379K->110631K(393216K)
[2019-03-21T12:53:53.656+0800][8169.270s] GC(21) Metaspace: 52869K->52869K(1097728K)
[2019-03-21T12:53:53.656+0800][8169.270s] GC(21) Pause Young (Allocation Failure) 206M->129M(490M) 17.475ms
[2019-03-21T12:53:53.656+0800][8169.270s] GC(21) User=0.06s Sys=0.00s Real=0.02s
[2019-03-21T12:53:54.347+0800][8169.962s] GC(22) Pause Young (Allocation Failure)
[2019-03-21T12:53:54.347+0800][8169.962s] GC(22) Using 4 workers of 4 for evacuation
[2019-03-21T12:53:54.362+0800][8169.977s] GC(22) ParNew: 109248K->21824K(109248K)
[2019-03-21T12:53:54.362+0800][8169.977s] GC(22) CMS: 110631K->114031K(393216K)
[2019-03-21T12:53:54.362+0800][8169.977s] GC(22) Metaspace: 52888K->52888K(1097728K)
[2019-03-21T12:53:54.362+0800][8169.977s] GC(22) Pause Young (Allocation Failure) 214M->132M(490M) 14.769ms
[2019-03-21T12:53:54.362+0800][8169.977s] GC(22) User=0.06s Sys=0.00s Real=0.02s
[2019-03-21T12:53:54.962+0800][8170.576s] GC(23) Pause Young (Allocation Failure)
[2019-03-21T12:53:54.962+0800][8170.576s] GC(23) Using 4 workers of 4 for evacuation
[2019-03-21T12:53:54.970+0800][8170.584s] GC(23) ParNew: 109248K->21824K(109248K)
[2019-03-21T12:53:54.970+0800][8170.584s] GC(23) CMS: 114031K->114031K(393216K)
[2019-03-21T12:53:54.970+0800][8170.585s] GC(23) Metaspace: 52896K->52896K(1097728K)
[2019-03-21T12:53:54.970+0800][8170.585s] GC(23) Pause Young (Allocation Failure) 218M->132M(490M) 8.194ms
[2019-03-21T12:53:54.970+0800][8170.585s] GC(23) User=0.05s Sys=0.00s Real=0.01s
[2019-03-21T15:06:38.739+0800][16134.362s] GC(24) Pause Young (Allocation Failure)
[2019-03-21T15:06:38.806+0800][16134.420s] GC(24) Using 4 workers of 4 for evacuation
[2019-03-21T15:06:38.946+0800][16134.561s] GC(24) ParNew: 109248K->21588K(109248K)
[2019-03-21T15:06:38.946+0800][16134.561s] GC(24) CMS: 114031K->114031K(393216K)
[2019-03-21T15:06:38.946+0800][16134.561s] GC(24) Metaspace: 54330K->54330K(1099776K)
[2019-03-21T15:06:38.946+0800][16134.561s] GC(24) Pause Young (Allocation Failure) 218M->132M(490M) 230.187ms
[2019-03-21T15:06:38.946+0800][16134.561s] GC(24) User=0.08s Sys=0.00s Real=0.23s
