[2019-02-27T21:38:47.337+0800][0.015s] Using Concurrent Mark Sweep
[2019-02-27T21:38:47.337+0800][0.016s] Heap address: 0x00000000e0000000, size: 512 MB, Compressed Oops mode: 32-bit
[2019-02-27T21:38:52.637+0800][5.315s] GC(0) Pause Young (Allocation Failure)
[2019-02-27T21:38:52.637+0800][5.315s] GC(0) Using 4 workers of 4 for evacuation
[2019-02-27T21:38:52.653+0800][5.331s] GC(0) ParNew: 87424K->9298K(109248K)
[2019-02-27T21:38:52.653+0800][5.331s] GC(0) CMS: 0K->0K(393216K)
[2019-02-27T21:38:52.653+0800][5.331s] GC(0) Metaspace: 22769K->22769K(1071104K)
[2019-02-27T21:38:52.653+0800][5.331s] GC(0) Pause Young (Allocation Failure) 85M->9M(490M) 16.539ms
[2019-02-27T21:38:52.653+0800][5.332s] GC(0) User=0.02s Sys=0.05s Real=0.02s
[2019-02-27T21:38:52.653+0800][5.332s] GC(1) Pause Initial Mark
[2019-02-27T21:38:52.655+0800][5.334s] GC(1) Pause Initial Mark 10M->10M(490M) 2.147ms
[2019-02-27T21:38:52.656+0800][5.334s] GC(1) User=0.00s Sys=0.00s Real=0.00s
[2019-02-27T21:38:52.656+0800][5.334s] GC(1) Concurrent Mark
[2019-02-27T21:38:52.656+0800][5.334s] GC(1) Using 4 workers of 4 for marking
[2019-02-27T21:38:52.658+0800][5.336s] GC(1) Concurrent Mark 2.071ms
[2019-02-27T21:38:52.658+0800][5.336s] GC(1) User=0.00s Sys=0.00s Real=0.00s
[2019-02-27T21:38:52.658+0800][5.336s] GC(1) Concurrent Preclean
[2019-02-27T21:38:52.659+0800][5.337s] GC(1) Concurrent Preclean 0.832ms
[2019-02-27T21:38:52.659+0800][5.337s] GC(1) User=0.00s Sys=0.00s Real=0.00s
[2019-02-27T21:38:52.659+0800][5.337s] GC(1) Pause Remark
[2019-02-27T21:38:52.659+0800][5.337s] GC(2) Pause Young (CMS Final Remark)
[2019-02-27T21:38:52.659+0800][5.337s] GC(2) Using 4 workers of 4 for evacuation
[2019-02-27T21:38:52.671+0800][5.349s] GC(2) ParNew: 10801K->11003K(109248K)
[2019-02-27T21:38:52.671+0800][5.349s] GC(2) CMS: 0K->0K(393216K)
[2019-02-27T21:38:52.671+0800][5.349s] GC(2) Metaspace: 22772K->22772K(1071104K)
[2019-02-27T21:38:52.671+0800][5.349s] GC(2) Pause Young (CMS Final Remark) 10M->10M(490M) 11.787ms
[2019-02-27T21:38:52.671+0800][5.349s] GC(2) User=0.05s Sys=0.02s Real=0.01s
[2019-02-27T21:38:52.676+0800][5.355s] GC(1) Pause Remark 10M->10M(490M) 17.598ms
[2019-02-27T21:38:52.676+0800][5.355s] GC(1) User=0.05s Sys=0.02s Real=0.02s
[2019-02-27T21:38:52.677+0800][5.355s] GC(1) Concurrent Sweep
[2019-02-27T21:38:52.677+0800][5.355s] GC(1) Concurrent Sweep 0.230ms
[2019-02-27T21:38:52.677+0800][5.355s] GC(1) User=0.00s Sys=0.00s Real=0.00s
[2019-02-27T21:38:52.677+0800][5.355s] GC(1) Concurrent Reset
[2019-02-27T21:38:52.682+0800][5.361s] GC(1) Concurrent Reset 5.456ms
[2019-02-27T21:38:52.682+0800][5.361s] GC(1) User=0.03s Sys=0.02s Real=0.00s
[2019-02-27T21:38:52.682+0800][5.361s] GC(1) Old: 0K->0K(393216K)
[2019-02-27T21:38:55.544+0800][8.223s] GC(3) Pause Young (Allocation Failure)
[2019-02-27T21:38:55.545+0800][8.223s] GC(3) Using 4 workers of 4 for evacuation
[2019-02-27T21:38:55.558+0800][8.237s] GC(3) ParNew: 98427K->18634K(109248K)
[2019-02-27T21:38:55.558+0800][8.237s] GC(3) CMS: 0K->0K(393216K)
[2019-02-27T21:38:55.558+0800][8.237s] GC(3) Metaspace: 31639K->31639K(1079296K)
[2019-02-27T21:38:55.558+0800][8.237s] GC(3) Pause Young (Allocation Failure) 96M->18M(490M) 13.816ms
[2019-02-27T21:38:55.558+0800][8.237s] GC(3) User=0.06s Sys=0.00s Real=0.01s
[2019-02-27T21:41:54.313+0800][186.992s] GC(4) Pause Young (Allocation Failure)
[2019-02-27T21:41:54.314+0800][186.992s] GC(4) Using 4 workers of 4 for evacuation
[2019-02-27T21:41:54.335+0800][187.013s] GC(4) ParNew: 106058K->21824K(109248K)
[2019-02-27T21:41:54.335+0800][187.013s] GC(4) CMS: 0K->69K(393216K)
[2019-02-27T21:41:54.335+0800][187.013s] GC(4) Metaspace: 38008K->38008K(1083392K)
[2019-02-27T21:41:54.335+0800][187.013s] GC(4) Pause Young (Allocation Failure) 103M->21M(490M) 21.149ms
[2019-02-27T21:41:54.335+0800][187.014s] GC(4) User=0.06s Sys=0.00s Real=0.02s
[2019-02-27T21:41:55.006+0800][187.685s] GC(5) Pause Young (Allocation Failure)
[2019-02-27T21:41:55.006+0800][187.685s] GC(5) Using 4 workers of 4 for evacuation
[2019-02-27T21:41:55.035+0800][187.714s] GC(5) ParNew: 109248K->20018K(109248K)
[2019-02-27T21:41:55.036+0800][187.714s] GC(5) CMS: 69K->9559K(393216K)
[2019-02-27T21:41:55.036+0800][187.715s] GC(5) Metaspace: 39761K->39761K(1085440K)
[2019-02-27T21:41:55.036+0800][187.715s] GC(5) Pause Young (Allocation Failure) 106M->28M(490M) 30.003ms
[2019-02-27T21:41:55.036+0800][187.715s] GC(5) User=0.11s Sys=0.00s Real=0.03s
[2019-02-27T21:41:55.036+0800][187.715s] GC(6) Pause Initial Mark
[2019-02-27T21:41:55.039+0800][187.718s] GC(6) Pause Initial Mark 28M->28M(490M) 2.981ms
[2019-02-27T21:41:55.039+0800][187.718s] GC(6) User=0.00s Sys=0.00s Real=0.00s
[2019-02-27T21:41:55.039+0800][187.718s] GC(6) Concurrent Mark
[2019-02-27T21:41:55.039+0800][187.718s] GC(6) Using 4 workers of 4 for marking
[2019-02-27T21:41:55.049+0800][187.728s] GC(6) Concurrent Mark 10.002ms
[2019-02-27T21:41:55.049+0800][187.728s] GC(6) User=0.05s Sys=0.00s Real=0.01s
[2019-02-27T21:41:55.049+0800][187.728s] GC(6) Concurrent Preclean
[2019-02-27T21:41:55.050+0800][187.729s] GC(6) Concurrent Preclean 1.310ms
[2019-02-27T21:41:55.050+0800][187.729s] GC(6) User=0.00s Sys=0.00s Real=0.00s
[2019-02-27T21:41:55.051+0800][187.730s] GC(6) Concurrent Abortable Preclean
[2019-02-27T21:41:55.221+0800][187.899s] GC(6) Concurrent Abortable Preclean 169.440ms
[2019-02-27T21:41:55.221+0800][187.899s] GC(6) User=0.27s Sys=0.03s Real=0.17s
[2019-02-27T21:41:55.221+0800][187.899s] GC(6) Pause Remark
[2019-02-27T21:41:55.221+0800][187.899s] GC(7) Pause Young (CMS Final Remark)
[2019-02-27T21:41:55.221+0800][187.899s] GC(7) Using 4 workers of 4 for evacuation
[2019-02-27T21:41:55.231+0800][187.909s] GC(7) ParNew: 73811K->16589K(109248K)
[2019-02-27T21:41:55.231+0800][187.909s] GC(7) CMS: 9559K->9559K(393216K)
[2019-02-27T21:41:55.231+0800][187.909s] GC(7) Metaspace: 39989K->39989K(1085440K)
[2019-02-27T21:41:55.231+0800][187.909s] GC(7) Pause Young (CMS Final Remark) 81M->25M(490M) 9.995ms
[2019-02-27T21:41:55.231+0800][187.909s] GC(7) User=0.06s Sys=0.00s Real=0.01s
[2019-02-27T21:41:55.243+0800][187.922s] GC(6) Pause Remark 81M->25M(490M) 22.462ms
[2019-02-27T21:41:55.243+0800][187.922s] GC(6) User=0.06s Sys=0.00s Real=0.02s
[2019-02-27T21:41:55.243+0800][187.922s] GC(6) Concurrent Sweep
[2019-02-27T21:41:55.247+0800][187.925s] GC(6) Concurrent Sweep 3.195ms
[2019-02-27T21:41:55.247+0800][187.925s] GC(6) User=0.05s Sys=0.00s Real=0.00s
[2019-02-27T21:41:55.247+0800][187.925s] GC(6) Concurrent Reset
[2019-02-27T21:41:55.248+0800][187.926s] GC(6) Concurrent Reset 1.183ms
[2019-02-27T21:41:55.248+0800][187.926s] GC(6) User=0.00s Sys=0.00s Real=0.00s
[2019-02-27T21:41:55.248+0800][187.926s] GC(6) Old: 9559K->9547K(393216K)
[2019-02-27T21:41:56.419+0800][189.097s] GC(8) Pause Young (Allocation Failure)
[2019-02-27T21:41:56.419+0800][189.097s] GC(8) Using 4 workers of 4 for evacuation
[2019-02-27T21:41:56.430+0800][189.109s] GC(8) ParNew: 104013K->17371K(109248K)
[2019-02-27T21:41:56.430+0800][189.109s] GC(8) CMS: 9547K->9547K(393216K)
[2019-02-27T21:41:56.430+0800][189.109s] GC(8) Metaspace: 44199K->44199K(1089536K)
[2019-02-27T21:41:56.430+0800][189.109s] GC(8) Pause Young (Allocation Failure) 110M->26M(490M) 11.381ms
[2019-02-27T21:41:56.430+0800][189.109s] GC(8) User=0.00s Sys=0.00s Real=0.01s
[2019-02-27T21:43:36.123+0800][288.802s] GC(9) Pause Young (Allocation Failure)
[2019-02-27T21:43:36.123+0800][288.802s] GC(9) Using 4 workers of 4 for evacuation
[2019-02-27T21:43:36.147+0800][288.826s] GC(9) ParNew: 104795K->21824K(109248K)
[2019-02-27T21:43:36.147+0800][288.826s] GC(9) CMS: 9547K->10032K(393216K)
[2019-02-27T21:43:36.147+0800][288.826s] GC(9) Metaspace: 47803K->47803K(1091584K)
[2019-02-27T21:43:36.147+0800][288.826s] GC(9) Pause Young (Allocation Failure) 111M->31M(490M) 23.928ms
[2019-02-27T21:43:36.147+0800][288.826s] GC(9) User=0.06s Sys=0.00s Real=0.02s
[2019-02-28T00:49:39.027+0800][11451.706s] GC(10) Pause Young (Allocation Failure)
[2019-02-28T00:49:39.027+0800][11451.706s] GC(10) Using 4 workers of 4 for evacuation
[2019-02-28T00:49:39.072+0800][11451.750s] GC(10) ParNew: 109248K->21824K(109248K)
[2019-02-28T00:49:39.072+0800][11451.750s] GC(10) CMS: 10032K->14725K(393216K)
[2019-02-28T00:49:39.072+0800][11451.750s] GC(10) Metaspace: 51211K->51211K(1095680K)
[2019-02-28T00:49:39.072+0800][11451.750s] GC(10) Pause Young (Allocation Failure) 116M->35M(490M) 44.954ms
[2019-02-28T00:49:39.072+0800][11451.750s] GC(10) User=0.13s Sys=0.00s Real=0.05s
