[2019-03-10T11:47:55.059+0800][0.371s] Using Concurrent Mark Sweep
[2019-03-10T11:47:55.068+0800][0.380s] Heap address: 0x00000000e0000000, size: 512 MB, Compressed Oops mode: 32-bit
[2019-03-10T11:48:07.135+0800][12.447s] GC(0) Pause Young (Allocation Failure)
[2019-03-10T11:48:07.135+0800][12.447s] GC(0) Using 4 workers of 4 for evacuation
[2019-03-10T11:48:07.161+0800][12.473s] GC(0) ParNew: 87424K->9262K(109248K)
[2019-03-10T11:48:07.161+0800][12.473s] GC(0) CMS: 0K->0K(393216K)
[2019-03-10T11:48:07.161+0800][12.473s] GC(0) Metaspace: 22824K->22824K(1071104K)
[2019-03-10T11:48:07.161+0800][12.473s] GC(0) Pause Young (Allocation Failure) 85M->9M(490M) 26.200ms
[2019-03-10T11:48:07.161+0800][12.473s] GC(0) User=0.02s Sys=0.00s Real=0.03s
[2019-03-10T11:48:07.161+0800][12.473s] GC(1) Pause Initial Mark
[2019-03-10T11:48:07.163+0800][12.475s] GC(1) Pause Initial Mark 9M->9M(490M) 2.219ms
[2019-03-10T11:48:07.163+0800][12.475s] GC(1) User=0.06s Sys=0.00s Real=0.00s
[2019-03-10T11:48:07.163+0800][12.475s] GC(1) Concurrent Mark
[2019-03-10T11:48:07.164+0800][12.476s] GC(1) Using 4 workers of 4 for marking
[2019-03-10T11:48:07.167+0800][12.479s] GC(1) Concurrent Mark 3.091ms
[2019-03-10T11:48:07.167+0800][12.479s] GC(1) User=0.00s Sys=0.00s Real=0.00s
[2019-03-10T11:48:07.167+0800][12.479s] GC(1) Concurrent Preclean
[2019-03-10T11:48:07.168+0800][12.480s] GC(1) Concurrent Preclean 1.162ms
[2019-03-10T11:48:07.168+0800][12.480s] GC(1) User=0.00s Sys=0.00s Real=0.00s
[2019-03-10T11:48:07.168+0800][12.480s] GC(1) Pause Remark
[2019-03-10T11:48:07.168+0800][12.480s] GC(2) Pause Young (CMS Final Remark)
[2019-03-10T11:48:07.168+0800][12.480s] GC(2) Using 4 workers of 4 for evacuation
[2019-03-10T11:48:07.179+0800][12.491s] GC(2) ParNew: 10765K->11680K(109248K)
[2019-03-10T11:48:07.179+0800][12.491s] GC(2) CMS: 0K->0K(393216K)
[2019-03-10T11:48:07.179+0800][12.491s] GC(2) Metaspace: 22826K->22826K(1071104K)
[2019-03-10T11:48:07.179+0800][12.491s] GC(2) Pause Young (CMS Final Remark) 10M->11M(490M) 10.458ms
[2019-03-10T11:48:07.179+0800][12.491s] GC(2) User=0.06s Sys=0.00s Real=0.01s
[2019-03-10T11:48:07.185+0800][12.497s] GC(1) Pause Remark 10M->11M(490M) 16.887ms
[2019-03-10T11:48:07.185+0800][12.497s] GC(1) User=0.06s Sys=0.00s Real=0.02s
[2019-03-10T11:48:07.185+0800][12.497s] GC(1) Concurrent Sweep
[2019-03-10T11:48:07.185+0800][12.497s] GC(1) Concurrent Sweep 0.143ms
[2019-03-10T11:48:07.185+0800][12.497s] GC(1) User=0.00s Sys=0.00s Real=0.00s
[2019-03-10T11:48:07.185+0800][12.497s] GC(1) Concurrent Reset
[2019-03-10T11:48:07.190+0800][12.502s] GC(1) Concurrent Reset 4.571ms
[2019-03-10T11:48:07.190+0800][12.502s] GC(1) User=0.00s Sys=0.00s Real=0.01s
[2019-03-10T11:48:07.190+0800][12.502s] GC(1) Old: 0K->0K(393216K)
[2019-03-10T11:48:15.443+0800][20.755s] GC(3) Pause Young (Allocation Failure)
[2019-03-10T11:48:15.443+0800][20.755s] GC(3) Using 4 workers of 4 for evacuation
[2019-03-10T11:48:15.457+0800][20.769s] GC(3) ParNew: 99104K->15886K(109248K)
[2019-03-10T11:48:15.457+0800][20.769s] GC(3) CMS: 0K->0K(393216K)
[2019-03-10T11:48:15.457+0800][20.769s] GC(3) Metaspace: 31746K->31746K(1079296K)
[2019-03-10T11:48:15.457+0800][20.769s] GC(3) Pause Young (Allocation Failure) 96M->15M(490M) 14.023ms
[2019-03-10T11:48:15.457+0800][20.769s] GC(3) User=0.06s Sys=0.00s Real=0.01s
[2019-03-10T11:48:26.219+0800][31.531s] GC(4) Pause Young (Allocation Failure)
[2019-03-10T11:48:26.219+0800][31.531s] GC(4) Using 4 workers of 4 for evacuation
[2019-03-10T11:48:26.236+0800][31.547s] GC(4) ParNew: 103310K->21824K(109248K)
[2019-03-10T11:48:26.236+0800][31.547s] GC(4) CMS: 0K->139K(393216K)
[2019-03-10T11:48:26.236+0800][31.548s] GC(4) Metaspace: 36529K->36529K(1083392K)
[2019-03-10T11:48:26.236+0800][31.548s] GC(4) Pause Young (Allocation Failure) 100M->21M(490M) 16.832ms
[2019-03-10T11:48:26.236+0800][31.548s] GC(4) User=0.06s Sys=0.00s Real=0.02s
[2019-03-10T11:48:26.669+0800][31.981s] GC(5) Pause Young (Allocation Failure)
[2019-03-10T11:48:26.669+0800][31.981s] GC(5) Using 4 workers of 4 for evacuation
[2019-03-10T11:48:26.692+0800][32.004s] GC(5) ParNew: 109248K->21824K(109248K)
[2019-03-10T11:48:26.692+0800][32.004s] GC(5) CMS: 139K->444K(393216K)
[2019-03-10T11:48:26.692+0800][32.004s] GC(5) Metaspace: 38443K->38443K(1083392K)
[2019-03-10T11:48:26.692+0800][32.004s] GC(5) Pause Young (Allocation Failure) 106M->21M(490M) 23.417ms
[2019-03-10T11:48:26.692+0800][32.004s] GC(5) User=0.06s Sys=0.00s Real=0.02s
[2019-03-10T11:48:26.694+0800][32.006s] GC(6) Pause Initial Mark
[2019-03-10T11:48:26.699+0800][32.011s] GC(6) Pause Initial Mark 22M->22M(490M) 5.229ms
[2019-03-10T11:48:26.699+0800][32.011s] GC(6) User=0.00s Sys=0.00s Real=0.00s
[2019-03-10T11:48:26.699+0800][32.012s] GC(6) Concurrent Mark
[2019-03-10T11:48:26.699+0800][32.012s] GC(6) Using 4 workers of 4 for marking
[2019-03-10T11:48:26.701+0800][32.013s] GC(6) Concurrent Mark 1.302ms
[2019-03-10T11:48:26.701+0800][32.013s] GC(6) User=0.00s Sys=0.00s Real=0.00s
[2019-03-10T11:48:26.701+0800][32.013s] GC(6) Concurrent Preclean
[2019-03-10T11:48:26.701+0800][32.014s] GC(6) Concurrent Preclean 0.769ms
[2019-03-10T11:48:26.702+0800][32.014s] GC(6) User=0.00s Sys=0.00s Real=0.00s
[2019-03-10T11:48:26.702+0800][32.014s] GC(6) Pause Remark
[2019-03-10T11:48:26.702+0800][32.014s] GC(7) Pause Young (CMS Final Remark)
[2019-03-10T11:48:26.702+0800][32.014s] GC(7) Using 4 workers of 4 for evacuation
[2019-03-10T11:48:26.726+0800][32.038s] GC(7) ParNew: 23775K->21824K(109248K)
[2019-03-10T11:48:26.726+0800][32.038s] GC(7) CMS: 444K->9590K(393216K)
[2019-03-10T11:48:26.726+0800][32.038s] GC(7) Metaspace: 38445K->38445K(1083392K)
[2019-03-10T11:48:26.726+0800][32.038s] GC(7) Pause Young (CMS Final Remark) 23M->30M(490M) 24.422ms
[2019-03-10T11:48:26.726+0800][32.038s] GC(7) User=0.09s Sys=0.03s Real=0.02s
[2019-03-10T11:48:26.743+0800][32.055s] GC(6) Pause Remark 23M->30M(490M) 41.093ms
[2019-03-10T11:48:26.743+0800][32.055s] GC(6) User=0.11s Sys=0.03s Real=0.04s
[2019-03-10T11:48:26.743+0800][32.055s] GC(6) Concurrent Sweep
[2019-03-10T11:48:26.746+0800][32.058s] GC(6) Concurrent Sweep 3.012ms
[2019-03-10T11:48:26.746+0800][32.058s] GC(6) User=0.00s Sys=0.00s Real=0.00s
[2019-03-10T11:48:26.746+0800][32.058s] GC(6) Concurrent Reset
[2019-03-10T11:48:26.747+0800][32.059s] GC(6) Concurrent Reset 0.911ms
[2019-03-10T11:48:26.747+0800][32.059s] GC(6) User=0.00s Sys=0.00s Real=0.00s
[2019-03-10T11:48:26.747+0800][32.059s] GC(6) Old: 444K->9590K(393216K)
[2019-03-10T11:48:28.066+0800][33.378s] GC(8) Pause Young (Allocation Failure)
[2019-03-10T11:48:28.066+0800][33.378s] GC(8) Using 4 workers of 4 for evacuation
[2019-03-10T11:48:28.075+0800][33.388s] GC(8) ParNew: 109248K->13322K(109248K)
[2019-03-10T11:48:28.075+0800][33.388s] GC(8) CMS: 9590K->9590K(393216K)
[2019-03-10T11:48:28.075+0800][33.388s] GC(8) Metaspace: 40769K->40769K(1085440K)
[2019-03-10T11:48:28.075+0800][33.388s] GC(8) Pause Young (Allocation Failure) 116M->22M(490M) 9.575ms
[2019-03-10T11:48:28.076+0800][33.388s] GC(8) User=0.06s Sys=0.00s Real=0.01s
[2019-03-10T11:48:29.283+0800][34.594s] GC(9) Pause Young (Allocation Failure)
[2019-03-10T11:48:29.283+0800][34.595s] GC(9) Using 4 workers of 4 for evacuation
[2019-03-10T11:48:29.300+0800][34.611s] GC(9) ParNew: 100746K->21824K(109248K)
[2019-03-10T11:48:29.300+0800][34.611s] GC(9) CMS: 9590K->9677K(393216K)
[2019-03-10T11:48:29.300+0800][34.611s] GC(9) Metaspace: 45048K->45048K(1089536K)
[2019-03-10T11:48:29.300+0800][34.611s] GC(9) Pause Young (Allocation Failure) 107M->30M(490M) 17.127ms
[2019-03-10T11:48:29.300+0800][34.611s] GC(9) User=0.06s Sys=0.00s Real=0.02s
