[2019-03-10T11:53:23.609+0800][0.011s] Using Concurrent Mark Sweep
[2019-03-10T11:53:23.609+0800][0.012s] Heap address: 0x00000000e0000000, size: 512 MB, Compressed Oops mode: 32-bit
[2019-03-10T11:53:26.553+0800][2.942s] GC(0) Pause Young (Allocation Failure)
[2019-03-10T11:53:26.553+0800][2.942s] GC(0) Using 4 workers of 4 for evacuation
[2019-03-10T11:53:26.568+0800][2.958s] GC(0) ParNew: 87424K->9262K(109248K)
[2019-03-10T11:53:26.568+0800][2.958s] GC(0) CMS: 0K->0K(393216K)
[2019-03-10T11:53:26.568+0800][2.958s] GC(0) Metaspace: 22826K->22826K(1071104K)
[2019-03-10T11:53:26.568+0800][2.958s] GC(0) Pause Young (Allocation Failure) 85M->9M(490M) 16.409ms
[2019-03-10T11:53:26.568+0800][2.958s] GC(0) User=0.05s Sys=0.02s Real=0.02s
[2019-03-10T11:53:26.568+0800][2.959s] GC(1) Pause Initial Mark
[2019-03-10T11:53:26.568+0800][2.961s] GC(1) Pause Initial Mark 9M->9M(490M) 2.661ms
[2019-03-10T11:53:26.568+0800][2.962s] GC(1) User=0.00s Sys=0.00s Real=0.00s
[2019-03-10T11:53:26.568+0800][2.962s] GC(1) Concurrent Mark
[2019-03-10T11:53:26.568+0800][2.962s] GC(1) Using 4 workers of 4 for marking
[2019-03-10T11:53:26.584+0800][2.972s] GC(1) Concurrent Mark 10.461ms
[2019-03-10T11:53:26.584+0800][2.972s] GC(1) User=0.05s Sys=0.00s Real=0.02s
[2019-03-10T11:53:26.584+0800][2.972s] GC(1) Concurrent Preclean
[2019-03-10T11:53:26.584+0800][2.973s] GC(1) Concurrent Preclean 0.844ms
[2019-03-10T11:53:26.584+0800][2.973s] GC(1) User=0.00s Sys=0.00s Real=0.00s
[2019-03-10T11:53:26.584+0800][2.973s] GC(1) Concurrent Abortable Preclean
[2019-03-10T11:53:27.551+0800][3.939s] GC(1) Concurrent Abortable Preclean 966.150ms
[2019-03-10T11:53:27.551+0800][3.939s] GC(1) User=2.53s Sys=0.19s Real=0.97s
[2019-03-10T11:53:27.551+0800][3.939s] GC(1) Pause Remark
[2019-03-10T11:53:27.551+0800][3.939s] GC(2) Pause Young (CMS Final Remark)
[2019-03-10T11:53:27.551+0800][3.940s] GC(2) Using 4 workers of 4 for evacuation
[2019-03-10T11:53:27.551+0800][3.953s] GC(2) ParNew: 57050K->13886K(109248K)
[2019-03-10T11:53:27.551+0800][3.953s] GC(2) CMS: 0K->0K(393216K)
[2019-03-10T11:53:27.551+0800][3.953s] GC(2) Metaspace: 27316K->27316K(1075200K)
[2019-03-10T11:53:27.551+0800][3.953s] GC(2) Pause Young (CMS Final Remark) 55M->13M(490M) 13.614ms
[2019-03-10T11:53:27.551+0800][3.953s] GC(2) User=0.00s Sys=0.00s Real=0.00s
[2019-03-10T11:53:27.567+0800][3.961s] GC(1) Pause Remark 55M->13M(490M) 21.677ms
[2019-03-10T11:53:27.567+0800][3.961s] GC(1) User=0.05s Sys=0.00s Real=0.02s
[2019-03-10T11:53:27.567+0800][3.961s] GC(1) Concurrent Sweep
[2019-03-10T11:53:27.567+0800][3.961s] GC(1) Concurrent Sweep 0.050ms
[2019-03-10T11:53:27.567+0800][3.961s] GC(1) User=0.00s Sys=0.00s Real=0.00s
[2019-03-10T11:53:27.567+0800][3.961s] GC(1) Concurrent Reset
[2019-03-10T11:53:27.567+0800][3.964s] GC(1) Concurrent Reset 3.096ms
[2019-03-10T11:53:27.567+0800][3.965s] GC(1) User=0.00s Sys=0.00s Real=0.00s
[2019-03-10T11:53:27.567+0800][3.965s] GC(1) Old: 0K->0K(393216K)
[2019-03-10T11:53:28.732+0800][5.128s] GC(3) Pause Young (Allocation Failure)
[2019-03-10T11:53:28.732+0800][5.128s] GC(3) Using 4 workers of 4 for evacuation
[2019-03-10T11:53:28.748+0800][5.144s] GC(3) ParNew: 101310K->21824K(109248K)
[2019-03-10T11:53:28.748+0800][5.144s] GC(3) CMS: 0K->165K(393216K)
[2019-03-10T11:53:28.748+0800][5.144s] GC(3) Metaspace: 34510K->34510K(1081344K)
[2019-03-10T11:53:28.748+0800][5.144s] GC(3) Pause Young (Allocation Failure) 98M->21M(490M) 16.346ms
[2019-03-10T11:53:28.748+0800][5.144s] GC(3) User=0.06s Sys=0.00s Real=0.02s
[2019-03-10T11:53:29.209+0800][5.606s] GC(4) Pause Young (Allocation Failure)
[2019-03-10T11:53:29.209+0800][5.606s] GC(4) Using 4 workers of 4 for evacuation
[2019-03-10T11:53:29.224+0800][5.622s] GC(4) ParNew: 109248K->21824K(109248K)
[2019-03-10T11:53:29.224+0800][5.622s] GC(4) CMS: 165K->332K(393216K)
[2019-03-10T11:53:29.224+0800][5.622s] GC(4) Metaspace: 37306K->37306K(1083392K)
[2019-03-10T11:53:29.224+0800][5.622s] GC(4) Pause Young (Allocation Failure) 106M->21M(490M) 16.661ms
[2019-03-10T11:53:29.224+0800][5.622s] GC(4) User=0.06s Sys=0.00s Real=0.01s
[2019-03-10T11:53:29.396+0800][5.799s] GC(5) Pause Young (Allocation Failure)
[2019-03-10T11:53:29.396+0800][5.799s] GC(5) Using 4 workers of 4 for evacuation
[2019-03-10T11:53:29.427+0800][5.816s] GC(5) ParNew: 109248K->21824K(109248K)
[2019-03-10T11:53:29.427+0800][5.816s] GC(5) CMS: 332K->1103K(393216K)
[2019-03-10T11:53:29.427+0800][5.816s] GC(5) Metaspace: 37737K->37737K(1083392K)
[2019-03-10T11:53:29.427+0800][5.816s] GC(5) Pause Young (Allocation Failure) 107M->22M(490M) 16.434ms
[2019-03-10T11:53:29.427+0800][5.816s] GC(5) User=0.08s Sys=0.00s Real=0.03s
[2019-03-10T11:53:30.187+0800][6.584s] GC(6) Pause Young (Allocation Failure)
[2019-03-10T11:53:30.187+0800][6.585s] GC(6) Using 4 workers of 4 for evacuation
[2019-03-10T11:53:30.203+0800][6.601s] GC(6) ParNew: 109248K->21824K(109248K)
[2019-03-10T11:53:30.203+0800][6.601s] GC(6) CMS: 1103K->1327K(393216K)
[2019-03-10T11:53:30.203+0800][6.601s] GC(6) Metaspace: 42201K->42201K(1087488K)
[2019-03-10T11:53:30.203+0800][6.601s] GC(6) Pause Young (Allocation Failure) 107M->22M(490M) 17.012ms
[2019-03-10T11:53:30.203+0800][6.602s] GC(6) User=0.06s Sys=0.00s Real=0.02s
[2019-03-10T11:53:34.221+0800][10.610s] GC(7) Pause Initial Mark
[2019-03-10T11:53:34.236+0800][10.625s] GC(7) Pause Initial Mark 90M->90M(490M) 15.234ms
[2019-03-10T11:53:34.236+0800][10.625s] GC(7) User=0.06s Sys=0.00s Real=0.02s
[2019-03-10T11:53:34.236+0800][10.625s] GC(7) Concurrent Mark
[2019-03-10T11:53:34.236+0800][10.625s] GC(7) Using 4 workers of 4 for marking
[2019-03-10T11:53:34.239+0800][10.627s] GC(7) Concurrent Mark 2.185ms
[2019-03-10T11:53:34.239+0800][10.627s] GC(7) User=0.00s Sys=0.00s Real=0.00s
[2019-03-10T11:53:34.239+0800][10.627s] GC(7) Concurrent Preclean
[2019-03-10T11:53:34.239+0800][10.628s] GC(7) Concurrent Preclean 0.822ms
[2019-03-10T11:53:34.241+0800][10.628s] GC(7) User=0.00s Sys=0.02s Real=0.00s
[2019-03-10T11:53:34.241+0800][10.628s] GC(7) Concurrent Abortable Preclean
[2019-03-10T11:53:40.325+0800][16.722s] GC(7) Concurrent Abortable Preclean 6093.370ms
[2019-03-10T11:53:40.325+0800][16.722s] GC(7) User=3.08s Sys=0.31s Real=6.08s
[2019-03-10T11:53:40.325+0800][16.722s] GC(7) Pause Remark
[2019-03-10T11:53:40.325+0800][16.722s] GC(8) Pause Young (CMS Final Remark)
[2019-03-10T11:53:40.325+0800][16.722s] GC(8) Using 4 workers of 4 for evacuation
[2019-03-10T11:53:40.356+0800][16.759s] GC(8) ParNew: 95328K->21824K(109248K)
[2019-03-10T11:53:40.356+0800][16.759s] GC(8) CMS: 1327K->11428K(393216K)
[2019-03-10T11:53:40.356+0800][16.759s] GC(8) Metaspace: 47443K->47443K(1091584K)
[2019-03-10T11:53:40.356+0800][16.759s] GC(8) Pause Young (CMS Final Remark) 94M->32M(490M) 37.168ms
[2019-03-10T11:53:40.356+0800][16.759s] GC(8) User=0.11s Sys=0.02s Real=0.03s
[2019-03-10T11:53:40.387+0800][16.779s] GC(7) Pause Remark 94M->32M(490M) 56.681ms
[2019-03-10T11:53:40.387+0800][16.779s] GC(7) User=0.19s Sys=0.02s Real=0.06s
[2019-03-10T11:53:40.387+0800][16.779s] GC(7) Concurrent Sweep
[2019-03-10T11:53:40.387+0800][16.782s] GC(7) Concurrent Sweep 3.308ms
[2019-03-10T11:53:40.387+0800][16.782s] GC(7) User=0.00s Sys=0.00s Real=0.00s
[2019-03-10T11:53:40.387+0800][16.782s] GC(7) Concurrent Reset
[2019-03-10T11:53:40.387+0800][16.783s] GC(7) Concurrent Reset 0.525ms
[2019-03-10T11:53:40.387+0800][16.783s] GC(7) User=0.00s Sys=0.00s Real=0.00s
[2019-03-10T11:53:40.387+0800][16.783s] GC(7) Old: 1327K->11419K(393216K)
