[2019-03-07T16:53:20.360+0800][0.135s] Using Concurrent Mark Sweep
[2019-03-07T16:53:20.360+0800][0.136s] Heap address: 0x00000000e0000000, size: 512 MB, Compressed Oops mode: 32-bit
[2019-03-07T16:53:41.755+0800][21.529s] GC(0) Pause Young (Allocation Failure)
[2019-03-07T16:53:41.755+0800][21.530s] GC(0) Using 4 workers of 4 for evacuation
[2019-03-07T16:53:41.864+0800][21.639s] GC(0) ParNew: 87424K->9263K(109248K)
[2019-03-07T16:53:41.864+0800][21.639s] GC(0) CMS: 0K->0K(393216K)
[2019-03-07T16:53:41.864+0800][21.639s] GC(0) Metaspace: 22832K->22832K(1071104K)
[2019-03-07T16:53:41.864+0800][21.639s] GC(0) Pause Young (Allocation Failure) 85M->9M(490M) 109.719ms
[2019-03-07T16:53:41.865+0800][21.639s] GC(0) User=0.06s Sys=0.00s Real=0.11s
[2019-03-07T16:53:41.865+0800][21.639s] GC(1) Pause Initial Mark
[2019-03-07T16:53:41.867+0800][21.641s] GC(1) Pause Initial Mark 10M->10M(490M) 2.130ms
[2019-03-07T16:53:41.867+0800][21.642s] GC(1) User=0.00s Sys=0.00s Real=0.00s
[2019-03-07T16:53:41.867+0800][21.642s] GC(1) Concurrent Mark
[2019-03-07T16:53:41.867+0800][21.642s] GC(1) Using 4 workers of 4 for marking
[2019-03-07T16:53:41.870+0800][21.644s] GC(1) Concurrent Mark 2.693ms
[2019-03-07T16:53:41.870+0800][21.644s] GC(1) User=0.02s Sys=0.02s Real=0.00s
[2019-03-07T16:53:41.870+0800][21.644s] GC(1) Concurrent Preclean
[2019-03-07T16:53:41.871+0800][21.646s] GC(1) Concurrent Preclean 1.254ms
[2019-03-07T16:53:41.871+0800][21.646s] GC(1) User=0.00s Sys=0.00s Real=0.00s
[2019-03-07T16:53:41.871+0800][21.646s] GC(1) Pause Remark
[2019-03-07T16:53:41.871+0800][21.646s] GC(2) Pause Young (CMS Final Remark)
[2019-03-07T16:53:41.871+0800][21.646s] GC(2) Using 4 workers of 4 for evacuation
[2019-03-07T16:53:41.885+0800][21.659s] GC(2) ParNew: 10766K->10970K(109248K)
[2019-03-07T16:53:41.885+0800][21.659s] GC(2) CMS: 0K->0K(393216K)
[2019-03-07T16:53:41.885+0800][21.659s] GC(2) Metaspace: 22834K->22834K(1071104K)
[2019-03-07T16:53:41.885+0800][21.659s] GC(2) Pause Young (CMS Final Remark) 10M->10M(490M) 13.240ms
[2019-03-07T16:53:41.885+0800][21.659s] GC(2) User=0.00s Sys=0.06s Real=0.01s
[2019-03-07T16:53:41.893+0800][21.668s] GC(1) Pause Remark 10M->10M(490M) 21.942ms
[2019-03-07T16:53:41.893+0800][21.668s] GC(1) User=0.00s Sys=0.06s Real=0.02s
[2019-03-07T16:53:41.893+0800][21.668s] GC(1) Concurrent Sweep
[2019-03-07T16:53:41.894+0800][21.668s] GC(1) Concurrent Sweep 0.164ms
[2019-03-07T16:53:41.894+0800][21.668s] GC(1) User=0.00s Sys=0.00s Real=0.00s
[2019-03-07T16:53:41.894+0800][21.668s] GC(1) Concurrent Reset
[2019-03-07T16:53:41.900+0800][21.675s] GC(1) Concurrent Reset 6.311ms
[2019-03-07T16:53:41.900+0800][21.675s] GC(1) User=0.03s Sys=0.02s Real=0.01s
[2019-03-07T16:53:41.900+0800][21.675s] GC(1) Old: 0K->0K(393216K)
[2019-03-07T16:53:51.103+0800][30.878s] GC(3) Pause Young (Allocation Failure)
[2019-03-07T16:53:51.103+0800][30.878s] GC(3) Using 4 workers of 4 for evacuation
[2019-03-07T16:53:51.117+0800][30.892s] GC(3) ParNew: 98394K->20087K(109248K)
[2019-03-07T16:53:51.117+0800][30.892s] GC(3) CMS: 0K->0K(393216K)
[2019-03-07T16:53:51.117+0800][30.892s] GC(3) Metaspace: 31733K->31733K(1079296K)
[2019-03-07T16:53:51.117+0800][30.892s] GC(3) Pause Young (Allocation Failure) 96M->19M(490M) 14.244ms
[2019-03-07T16:53:51.117+0800][30.892s] GC(3) User=0.06s Sys=0.00s Real=0.01s
[2019-03-07T16:54:00.617+0800][40.392s] GC(4) Pause Young (Allocation Failure)
[2019-03-07T16:54:00.617+0800][40.392s] GC(4) Using 4 workers of 4 for evacuation
[2019-03-07T16:54:00.634+0800][40.409s] GC(4) ParNew: 107511K->21824K(109248K)
[2019-03-07T16:54:00.634+0800][40.409s] GC(4) CMS: 0K->0K(393216K)
[2019-03-07T16:54:00.634+0800][40.409s] GC(4) Metaspace: 37401K->37401K(1083392K)
[2019-03-07T16:54:00.634+0800][40.409s] GC(4) Pause Young (Allocation Failure) 104M->21M(490M) 17.063ms
[2019-03-07T16:54:00.634+0800][40.409s] GC(4) User=0.05s Sys=0.02s Real=0.02s
[2019-03-07T16:54:01.338+0800][41.114s] GC(5) Pause Young (Allocation Failure)
[2019-03-07T16:54:01.338+0800][41.114s] GC(5) Using 4 workers of 4 for evacuation
[2019-03-07T16:54:01.357+0800][41.133s] GC(5) ParNew: 109248K->21824K(109248K)
[2019-03-07T16:54:01.357+0800][41.133s] GC(5) CMS: 0K->480K(393216K)
[2019-03-07T16:54:01.357+0800][41.133s] GC(5) Metaspace: 39138K->39138K(1085440K)
[2019-03-07T16:54:01.357+0800][41.133s] GC(5) Pause Young (Allocation Failure) 106M->21M(490M) 18.850ms
[2019-03-07T16:54:01.357+0800][41.133s] GC(5) User=0.06s Sys=0.00s Real=0.02s
[2019-03-07T16:54:01.357+0800][41.133s] GC(6) Pause Initial Mark
[2019-03-07T16:54:01.362+0800][41.138s] GC(6) Pause Initial Mark 22M->22M(490M) 4.942ms
[2019-03-07T16:54:01.362+0800][41.138s] GC(6) User=0.00s Sys=0.00s Real=0.00s
[2019-03-07T16:54:01.363+0800][41.138s] GC(6) Concurrent Mark
[2019-03-07T16:54:01.363+0800][41.138s] GC(6) Using 4 workers of 4 for marking
[2019-03-07T16:54:01.364+0800][41.139s] GC(6) Concurrent Mark 1.348ms
[2019-03-07T16:54:01.364+0800][41.139s] GC(6) User=0.00s Sys=0.00s Real=0.00s
[2019-03-07T16:54:01.364+0800][41.139s] GC(6) Concurrent Preclean
[2019-03-07T16:54:01.365+0800][41.140s] GC(6) Concurrent Preclean 0.824ms
[2019-03-07T16:54:01.365+0800][41.140s] GC(6) User=0.00s Sys=0.00s Real=0.00s
[2019-03-07T16:54:01.365+0800][41.140s] GC(6) Concurrent Abortable Preclean
[2019-03-07T16:54:01.594+0800][41.368s] GC(6) Concurrent Abortable Preclean 227.726ms
[2019-03-07T16:54:01.594+0800][41.368s] GC(6) User=0.58s Sys=0.02s Real=0.23s
[2019-03-07T16:54:01.594+0800][41.368s] GC(6) Pause Remark
[2019-03-07T16:54:01.594+0800][41.368s] GC(7) Pause Young (CMS Final Remark)
[2019-03-07T16:54:01.594+0800][41.368s] GC(7) Using 4 workers of 4 for evacuation
[2019-03-07T16:54:01.626+0800][41.400s] GC(7) ParNew: 88743K->21824K(109248K)
[2019-03-07T16:54:01.626+0800][41.400s] GC(7) CMS: 480K->9579K(393216K)
[2019-03-07T16:54:01.626+0800][41.400s] GC(7) Metaspace: 39535K->39535K(1085440K)
[2019-03-07T16:54:01.626+0800][41.400s] GC(7) Pause Young (CMS Final Remark) 87M->30M(490M) 32.000ms
[2019-03-07T16:54:01.626+0800][41.400s] GC(7) User=0.09s Sys=0.02s Real=0.03s
[2019-03-07T16:54:01.640+0800][41.415s] GC(6) Pause Remark 87M->30M(490M) 46.565ms
[2019-03-07T16:54:01.640+0800][41.415s] GC(6) User=0.11s Sys=0.02s Real=0.05s
[2019-03-07T16:54:01.640+0800][41.415s] GC(6) Concurrent Sweep
[2019-03-07T16:54:01.644+0800][41.419s] GC(6) Concurrent Sweep 3.948ms
[2019-03-07T16:54:01.644+0800][41.419s] GC(6) User=0.00s Sys=0.00s Real=0.00s
[2019-03-07T16:54:01.644+0800][41.419s] GC(6) Concurrent Reset
[2019-03-07T16:54:01.645+0800][41.420s] GC(6) Concurrent Reset 1.054ms
[2019-03-07T16:54:01.645+0800][41.420s] GC(6) User=0.00s Sys=0.00s Real=0.00s
[2019-03-07T16:54:01.645+0800][41.420s] GC(6) Old: 480K->9579K(393216K)
[2019-03-07T16:54:07.939+0800][47.714s] GC(8) Pause Young (Allocation Failure)
[2019-03-07T16:54:07.939+0800][47.714s] GC(8) Using 4 workers of 4 for evacuation
[2019-03-07T16:54:07.950+0800][47.725s] GC(8) ParNew: 109248K->16764K(109248K)
[2019-03-07T16:54:07.950+0800][47.726s] GC(8) CMS: 9579K->9579K(393216K)
[2019-03-07T16:54:07.950+0800][47.726s] GC(8) Metaspace: 43931K->43931K(1089536K)
[2019-03-07T16:54:07.950+0800][47.726s] GC(8) Pause Young (Allocation Failure) 116M->25M(490M) 11.305ms
[2019-03-07T16:54:07.950+0800][47.726s] GC(8) User=0.05s Sys=0.00s Real=0.01s
[2019-03-07T16:54:43.512+0800][83.287s] GC(9) Pause Young (Allocation Failure)
[2019-03-07T16:54:43.512+0800][83.287s] GC(9) Using 4 workers of 4 for evacuation
[2019-03-07T16:54:43.545+0800][83.320s] GC(9) ParNew: 104188K->21824K(109248K)
[2019-03-07T16:54:43.545+0800][83.320s] GC(9) CMS: 9579K->14530K(393216K)
[2019-03-07T16:54:43.545+0800][83.320s] GC(9) Metaspace: 49104K->49104K(1093632K)
[2019-03-07T16:54:43.545+0800][83.320s] GC(9) Pause Young (Allocation Failure) 111M->35M(490M) 32.906ms
[2019-03-07T16:54:43.545+0800][83.320s] GC(9) User=0.13s Sys=0.00s Real=0.03s
[2019-03-07T16:54:44.706+0800][84.480s] GC(10) Pause Young (Allocation Failure)
[2019-03-07T16:54:44.706+0800][84.480s] GC(10) Using 4 workers of 4 for evacuation
[2019-03-07T16:54:44.738+0800][84.513s] GC(10) ParNew: 109248K->21824K(109248K)
[2019-03-07T16:54:44.738+0800][84.513s] GC(10) CMS: 14530K->24327K(393216K)
[2019-03-07T16:54:44.738+0800][84.513s] GC(10) Metaspace: 49218K->49218K(1093632K)
[2019-03-07T16:54:44.738+0800][84.513s] GC(10) Pause Young (Allocation Failure) 120M->45M(490M) 32.787ms
[2019-03-07T16:54:44.738+0800][84.513s] GC(10) User=0.13s Sys=0.00s Real=0.03s
[2019-03-07T16:54:45.701+0800][85.476s] GC(11) Pause Young (Allocation Failure)
[2019-03-07T16:54:45.701+0800][85.476s] GC(11) Using 4 workers of 4 for evacuation
[2019-03-07T16:54:45.734+0800][85.509s] GC(11) ParNew: 109248K->21824K(109248K)
[2019-03-07T16:54:45.734+0800][85.509s] GC(11) CMS: 24327K->32352K(393216K)
[2019-03-07T16:54:45.734+0800][85.509s] GC(11) Metaspace: 49247K->49247K(1093632K)
[2019-03-07T16:54:45.734+0800][85.509s] GC(11) Pause Young (Allocation Failure) 130M->52M(490M) 33.360ms
[2019-03-07T16:54:45.734+0800][85.509s] GC(11) User=0.13s Sys=0.00s Real=0.03s
[2019-03-07T16:54:46.424+0800][86.199s] GC(12) Pause Young (Allocation Failure)
[2019-03-07T16:54:46.424+0800][86.199s] GC(12) Using 4 workers of 4 for evacuation
[2019-03-07T16:54:46.463+0800][86.237s] GC(12) ParNew: 109076K->21824K(109248K)
[2019-03-07T16:54:46.463+0800][86.238s] GC(12) CMS: 32352K->48981K(393216K)
[2019-03-07T16:54:46.463+0800][86.238s] GC(12) Metaspace: 49253K->49253K(1093632K)
[2019-03-07T16:54:46.463+0800][86.238s] GC(12) Pause Young (Allocation Failure) 138M->69M(490M) 38.709ms
[2019-03-07T16:54:46.463+0800][86.238s] GC(12) User=0.17s Sys=0.00s Real=0.04s
[2019-03-07T16:54:46.901+0800][86.676s] GC(13) Pause Young (Allocation Failure)
[2019-03-07T16:54:46.901+0800][86.676s] GC(13) Using 4 workers of 4 for evacuation
[2019-03-07T16:54:46.930+0800][86.704s] GC(13) ParNew: 109248K->21824K(109248K)
[2019-03-07T16:54:46.930+0800][86.705s] GC(13) CMS: 48981K->55284K(393216K)
[2019-03-07T16:54:46.930+0800][86.705s] GC(13) Metaspace: 49257K->49257K(1093632K)
[2019-03-07T16:54:46.930+0800][86.705s] GC(13) Pause Young (Allocation Failure) 154M->75M(490M) 28.724ms
[2019-03-07T16:54:46.930+0800][86.705s] GC(13) User=0.08s Sys=0.00s Real=0.03s
[2019-03-07T16:54:48.563+0800][88.338s] GC(14) Pause Young (Allocation Failure)
[2019-03-07T16:54:48.563+0800][88.338s] GC(14) Using 4 workers of 4 for evacuation
[2019-03-07T16:54:48.594+0800][88.369s] GC(14) ParNew: 109248K->21824K(109248K)
[2019-03-07T16:54:48.594+0800][88.369s] GC(14) CMS: 55284K->63292K(393216K)
[2019-03-07T16:54:48.594+0800][88.369s] GC(14) Metaspace: 49845K->49845K(1093632K)
[2019-03-07T16:54:48.594+0800][88.369s] GC(14) Pause Young (Allocation Failure) 160M->83M(490M) 31.010ms
[2019-03-07T16:54:48.594+0800][88.369s] GC(14) User=0.13s Sys=0.00s Real=0.03s
[2019-03-07T17:10:51.591+0800][1051.366s] GC(15) Pause Young (Allocation Failure)
[2019-03-07T17:10:51.592+0800][1051.366s] GC(15) Using 4 workers of 4 for evacuation
[2019-03-07T17:10:51.609+0800][1051.383s] GC(15) ParNew: 109248K->19770K(109248K)
[2019-03-07T17:10:51.609+0800][1051.383s] GC(15) CMS: 63292K->63292K(393216K)
[2019-03-07T17:10:51.609+0800][1051.384s] GC(15) Metaspace: 51921K->51921K(1095680K)
[2019-03-07T17:10:51.609+0800][1051.384s] GC(15) Pause Young (Allocation Failure) 168M->81M(490M) 17.508ms
[2019-03-07T17:10:51.609+0800][1051.384s] GC(15) User=0.06s Sys=0.00s Real=0.02s
